To initialise guix, enter: init_guix
To initialise intel compilers, enter: init_intel
To initialise conda, enter: init_conda
To initialise guix, enter: init_guix
To initialise intel compilers, enter: init_intel
To initialise conda, enter: init_conda
 
:: initializing oneAPI environment ...
   run_inv_annecy_2nodes.sh: BASH_VERSION = 5.1.4(1)-release
   args: Using "$@" for setvars.sh arguments: 
:: advisor -- latest
:: ccl -- latest
:: clck -- latest
:: compiler -- latest
:: dal -- latest
:: debugger -- latest
:: dev-utilities -- latest
:: dnnl -- latest
:: dpcpp-ct -- latest
:: dpl -- latest
:: inspector -- latest
:: intelpython -- latest
:: ipp -- latest
:: ippcp -- latest
:: itac -- latest
:: mkl -- latest
:: mpi -- latest
:: tbb -- latest
:: vpl -- latest
:: vtune -- latest
:: oneAPI environment initialized ::
 
